e:\010-visonpyc\visionpyc\visionpyc\visionpyc\x64\release\height3dwidget.obj
e:\010-visonpyc\visionpyc\visionpyc\visionpyc\x64\release\graphexecutor.obj
e:\010-visonpyc\visionpyc\visionpyc\visionpyc\x64\release\_3dprocessnode.obj
e:\010-visonpyc\visionpyc\visionpyc\visionpyc\x64\release\nodefactory.obj
e:\010-visonpyc\visionpyc\visionpyc\visionpyc\x64\release\inodedata.obj
e:\010-visonpyc\visionpyc\visionpyc\visionpyc\x64\release\preprocesswidget.obj
e:\010-visonpyc\visionpyc\visionpyc\visionpyc\x64\release\workflowtreewidget.obj
e:\010-visonpyc\visionpyc\visionpyc\visionpyc\x64\release\flowgraph.obj
e:\010-visonpyc\visionpyc\visionpyc\visionpyc\x64\release\main.obj
e:\010-visonpyc\visionpyc\visionpyc\visionpyc\x64\release\imagefilternode.obj
e:\010-visonpyc\visionpyc\visionpyc\visionpyc\x64\release\basealgorithmnode.obj
e:\010-visonpyc\visionpyc\visionpyc\visionpyc\x64\release\commonutils.obj
e:\010-visonpyc\visionpyc\visionpyc\visionpyc\x64\release\nodeselectorwidget.obj
e:\010-visonpyc\visionpyc\visionpyc\visionpyc\x64\release\global.obj
e:\010-visonpyc\visionpyc\visionpyc\visionpyc\x64\release\collapsiblecategory.obj
e:\010-visonpyc\visionpyc\visionpyc\visionpyc\x64\release\globaldef.obj
e:\010-visonpyc\visionpyc\visionpyc\visionpyc\x64\release\planeness3dwidget.obj
e:\010-visonpyc\visionpyc\visionpyc\visionpyc\x64\release\iflownode.obj
e:\010-visonpyc\visionpyc\visionpyc\visionpyc\x64\release\roiwidget.obj
e:\010-visonpyc\visionpyc\visionpyc\visionpyc\x64\release\coremanager.obj
e:\010-visonpyc\visionpyc\visionpyc\visionpyc\x64\release\mainwindow.obj
e:\010-visonpyc\visionpyc\visionpyc\visionpyc\x64\release\nodedatamodel.obj
e:\010-visonpyc\visionpyc\visionpyc\visionpyc\x64\release\operatorbutton.obj
e:\010-visonpyc\visionpyc\visionpyc\visionpyc\x64\release\qrc_mainwindow.obj
e:\010-visonpyc\visionpyc\visionpyc\visionpyc\x64\release\qrc_style.obj
e:\010-visonpyc\visionpyc\visionpyc\visionpyc\x64\release\vc143.pdb
e:\010-visonpyc\visionpyc\visionpyc\visionpyc\x64\release\moc_collapsiblecategory.obj
e:\010-visonpyc\visionpyc\visionpyc\visionpyc\x64\release\moc_camerainputwidget.obj
e:\010-visonpyc\visionpyc\visionpyc\visionpyc\x64\release\moc_workflowtreewidget.obj
e:\010-visonpyc\visionpyc\visionpyc\visionpyc\x64\release\moc_preprocesswidget.obj
e:\010-visonpyc\visionpyc\visionpyc\visionpyc\x64\release\moc_operatorbutton.obj
e:\010-visonpyc\visionpyc\visionpyc\visionpyc\x64\release\moc_mainwindow.obj
e:\010-visonpyc\visionpyc\visionpyc\visionpyc\x64\release\moc_planeness3dwidget.obj
e:\010-visonpyc\visionpyc\visionpyc\visionpyc\x64\release\moc_height3dwidget.obj
e:\010-visonpyc\visionpyc\visionpyc\visionpyc\x64\release\moc_roiwidget.obj
e:\010-visonpyc\visionpyc\visionpyc\visionpyc\x64\release\moc_nodeselectorwidget.obj
e:\010-visonpyc\visionpyc\visionpyc\visionpyc\x64\release\camerainputwidget.obj
e:\010-visonpyc\visionpyc\visionpyc\visionpyc\x64\release\imageviewwidget.obj
e:\010-visonpyc\visionpyc\visionpyc\visionpyc\x64\release\global_function.obj
e:\010-visonpyc\visionpyc\visionpyc\visionpyc\x64\release\moc_imageviewwidget.obj
e:\010-visonpyc\visionpyc\visionpyc\visionpyc\x64\release\autowraplabel.obj
e:\010-visonpyc\visionpyc\visionpyc\visionpyc\x64\release\moc_autowraplabel.obj
e:\010-visonpyc\visionpyc\visionpyc\visionpyc\x64\release\imagelistview.obj
e:\010-visonpyc\visionpyc\visionpyc\visionpyc\x64\release\moc_imagelistview.obj
e:\010-visonpyc\visionpyc\visionpyc\x64\release\visionpyc.exe
e:\010-visonpyc\visionpyc\visionpyc\x64\release\visionpyc.pdb
e:\010-visonpyc\visionpyc\visionpyc\visionpyc\x64\release\qt\moc\moc_imagelistview.cpp
e:\010-visonpyc\visionpyc\visionpyc\visionpyc\x64\release\qt\rcc\qrc_style.cpp
e:\010-visonpyc\visionpyc\visionpyc\visionpyc\x64\release\qt\uic\ui_camerainputwidget.h
e:\010-visonpyc\visionpyc\visionpyc\visionpyc\x64\release\qt\uic\ui_mainwindow.h
e:\010-visonpyc\visionpyc\visionpyc\visionpyc\x64\release\qt\uic\ui_height3dwidget.h
e:\010-visonpyc\visionpyc\visionpyc\visionpyc\x64\release\qt\uic\ui_planeness3dwidget.h
e:\010-visonpyc\visionpyc\visionpyc\visionpyc\x64\release\qt\uic\ui_preprocesswidget.h
e:\010-visonpyc\visionpyc\visionpyc\visionpyc\x64\release\qt\uic\ui_roiwidget.h
e:\010-visonpyc\visionpyc\visionpyc\visionpyc\x64\release\qt\rcc\qrc_mainwindow.cpp
e:\010-visonpyc\visionpyc\visionpyc\visionpyc\x64\release\qt\moc\moc_mainwindow.cpp
e:\010-visonpyc\visionpyc\visionpyc\visionpyc\x64\release\qt\moc\moc_camerainputwidget.cpp
e:\010-visonpyc\visionpyc\visionpyc\visionpyc\x64\release\qt\moc\moc_planeness3dwidget.cpp
e:\010-visonpyc\visionpyc\visionpyc\visionpyc\x64\release\qt\moc\moc_roiwidget.cpp
e:\010-visonpyc\visionpyc\visionpyc\visionpyc\x64\release\qt\moc\moc_preprocesswidget.cpp
e:\010-visonpyc\visionpyc\visionpyc\visionpyc\x64\release\qt\moc\moc_collapsiblecategory.cpp
e:\010-visonpyc\visionpyc\visionpyc\visionpyc\x64\release\qt\moc\moc_workflowtreewidget.cpp
e:\010-visonpyc\visionpyc\visionpyc\visionpyc\x64\release\qt\moc\moc_height3dwidget.cpp
e:\010-visonpyc\visionpyc\visionpyc\visionpyc\x64\release\qt\moc\moc_operatorbutton.cpp
e:\010-visonpyc\visionpyc\visionpyc\visionpyc\x64\release\qt\moc\moc_nodeselectorwidget.cpp
e:\010-visonpyc\visionpyc\visionpyc\visionpyc\x64\release\qt\moc\moc_imageviewwidget.cpp
e:\010-visonpyc\visionpyc\visionpyc\visionpyc\x64\release\qt\moc\moc_autowraplabel.cpp
e:\010-visonpyc\visionpyc\visionpyc\visionpyc\x64\release\visionpyc.ipdb
e:\010-visonpyc\visionpyc\visionpyc\visionpyc\x64\release\visionpyc.iobj
e:\010-visonpyc\visionpyc\visionpyc\visionpyc\x64\release\visionpyc.tlog\cl.command.1.tlog
e:\010-visonpyc\visionpyc\visionpyc\visionpyc\x64\release\visionpyc.tlog\cl.items.tlog
e:\010-visonpyc\visionpyc\visionpyc\visionpyc\x64\release\visionpyc.tlog\cl.read.1.tlog
e:\010-visonpyc\visionpyc\visionpyc\visionpyc\x64\release\visionpyc.tlog\cl.write.1.tlog
e:\010-visonpyc\visionpyc\visionpyc\visionpyc\x64\release\visionpyc.tlog\link.command.1.tlog
e:\010-visonpyc\visionpyc\visionpyc\visionpyc\x64\release\visionpyc.tlog\link.read.1.tlog
e:\010-visonpyc\visionpyc\visionpyc\visionpyc\x64\release\visionpyc.tlog\link.secondary.1.tlog
e:\010-visonpyc\visionpyc\visionpyc\visionpyc\x64\release\visionpyc.tlog\link.write.1.tlog
e:\010-visonpyc\visionpyc\visionpyc\visionpyc\x64\release\visionpyc.tlog\moc.read.1u.tlog
e:\010-visonpyc\visionpyc\visionpyc\visionpyc\x64\release\visionpyc.tlog\moc.write.1u.tlog
e:\010-visonpyc\visionpyc\visionpyc\visionpyc\x64\release\visionpyc.tlog\rcc.read.1u.tlog
e:\010-visonpyc\visionpyc\visionpyc\visionpyc\x64\release\visionpyc.tlog\rcc.write.1u.tlog
e:\010-visonpyc\visionpyc\visionpyc\visionpyc\x64\release\visionpyc.tlog\uic.read.1u.tlog
e:\010-visonpyc\visionpyc\visionpyc\visionpyc\x64\release\visionpyc.tlog\uic.write.1u.tlog
e:\010-visonpyc\visionpyc\visionpyc\visionpyc\x64\release\visionpyc.tlog\visionpyc.write.1u.tlog
