   Qt/MSBuild: 3.5.0.0
   Qt: 6.5.3
  ConnectionItem.cpp
  CommonUtils.cpp
  GlobalDef.cpp
  IFlowNode.cpp
  INodeData.cpp
  CoreManager.cpp
  FlowGraph.cpp
  GraphExecutor.cpp
  NodeDataModel.cpp
  CollapsibleCategory.cpp
  NodeItem.cpp
  PortItem.cpp
  BaseAlgorithmNode.cpp
  ImageFilterNode.cpp
  NodeFactory.cpp
  NodeScene.cpp
  NodeSelectorWidget.cpp
  NodeView.cpp
E:\010-VisonPYC\VisionPYC\VisionPYC\VisionPYC\src\Plugins\BaseAlgorithmNode.h(2,10): error C1083: 无法打开包括文件: “NodeItem.h”: No such file or directory
  (编译源文件“src/Plugins/BaseAlgorithmNode.cpp”)
  
E:\010-VisonPYC\VisionPYC\VisionPYC\VisionPYC\src\Plugins\BaseAlgorithmNode.h(2,10): error C1083: 无法打开包括文件: “NodeItem.h”: No such file or directory
  (编译源文件“src/Plugins/ImageFilterNode.cpp”)
  
E:\010-VisonPYC\VisionPYC\VisionPYC\VisionPYC\src\Plugins\BaseAlgorithmNode.h(2,10): error C1083: 无法打开包括文件: “NodeItem.h”: No such file or directory
  (编译源文件“src/Plugins/NodeFactory.cpp”)
  
  TESTWidget.cpp
E:\010-VisonPYC\VisionPYC\VisionPYC\VisionPYC\src\Core\NodeDataModel.h(5,10): error C1083: 无法打开包括文件: “IFlowNode.h”: No such file or directory
  (编译源文件“src/Core/CoreManager.cpp”)
  
E:\010-VisonPYC\VisionPYC\VisionPYC\VisionPYC\src\Core\NodeDataModel.h(5,10): error C1083: 无法打开包括文件: “IFlowNode.h”: No such file or directory
  (编译源文件“src/Core/GraphExecutor.cpp”)
  
  OperatorButton.cpp
E:\010-VisonPYC\VisionPYC\VisionPYC\VisionPYC\src\Core\NodeDataModel.h(5,10): error C1083: 无法打开包括文件: “IFlowNode.h”: No such file or directory
  (编译源文件“src/Core/FlowGraph.cpp”)
  
E:\010-VisonPYC\VisionPYC\VisionPYC\VisionPYC\src\Core\NodeDataModel.h(5,10): error C1083: 无法打开包括文件: “IFlowNode.h”: No such file or directory
  (编译源文件“src/Core/NodeDataModel.cpp”)
  
  MainWindow.cpp
  main.cpp
E:\010-VisonPYC\VisionPYC\VisionPYC\VisionPYC\src\Plugins\NodeScene.cpp(2,10): error C1083: 无法打开包括文件: “PortItem.h”: No such file or directory
E:\010-VisonPYC\VisionPYC\VisionPYC\VisionPYC\src\GUI\PortItem.h(4,10): error C1083: 无法打开包括文件: “GlobalDef.h”: No such file or directory
  (编译源文件“src/GUI/PortItem.cpp”)
  
E:\010-VisonPYC\VisionPYC\VisionPYC\VisionPYC\ConnectionItem.cpp(2,10): error C1083: 无法打开包括文件: “PortItem.h”: No such file or directory
E:\010-VisonPYC\VisionPYC\VisionPYC\VisionPYC\src\GUI\NodeItem.h(6,10): error C1083: 无法打开包括文件: “GlobalDef.h”: No such file or directory
  (编译源文件“src/GUI/NodeItem.cpp”)
  
E:\010-VisonPYC\VisionPYC\VisionPYC\VisionPYC\src\Plugins\NodeSelectorWidget.cpp(2,10): error C1083: 无法打开包括文件: “CollapsibleCategory.h”: No such file or directory
E:\010-VisonPYC\VisionPYC\VisionPYC\VisionPYC\src\Plugins\BaseAlgorithmNode.h(2,10): error C1083: 无法打开包括文件: “NodeItem.h”: No such file or directory
  (编译源文件“src/Plugins/NodeView.cpp”)
  
E:\010-VisonPYC\VisionPYC\VisionPYC\VisionPYC\x64\Debug\qt\uic\ui_TESTWidget.h(16,10): error C1083: 无法打开包括文件: “operatorbutton.h”: No such file or directory
  (编译源文件“src/Plugins/TESTWidget.cpp”)
  
E:\010-VisonPYC\VisionPYC\VisionPYC\VisionPYC\x64\Debug\qt\uic\ui_MainWindow.h(21,10): error C1083: 无法打开包括文件: “nodeview.h”: No such file or directory
  (编译源文件“MainWindow.cpp”)
  
E:\010-VisonPYC\VisionPYC\VisionPYC\VisionPYC\x64\Debug\qt\uic\ui_MainWindow.h(21,10): error C1083: 无法打开包括文件: “nodeview.h”: No such file or directory
  (编译源文件“main.cpp”)
  
